#-----------------------------------------------------------
# Vivado v2025.1 (64-bit)
# SW Build 6140274 on Thu May 22 00:12:29 MDT 2025
# IP Build 6138677 on Thu May 22 03:10:11 MDT 2025
# SharedData Build 6139179 on Tue May 20 17:58:58 MDT 2025
# Start of session at: Wed Dec  3 07:20:56 2025
# Process ID         : 9740
# Current directory  : C:/Constantine/programs/projects/CSCEA342_SudokuProject/sudoku
# Command line       : vivado.exe -gui_launcher_event rodinguilauncherevent9272 C:\Constantine\programs\projects\CSCEA342_SudokuProject\sudoku\sudoku.xpr
# Log file           : C:/Constantine/programs/projects/CSCEA342_SudokuProject/sudoku/vivado.log
# Journal file       : C:/Constantine/programs/projects/CSCEA342_SudokuProject/sudoku\vivado.jou
# Running On         : C_Hinds_Surface
# Platform           : Windows Server 2016 or Windows 10
# Operating System   : 26100
# Processor Detail   : Snapdragon(R) X 10-core X1P64100 @ 3.40 GHz
# CPU Frequency      : 2976 MHz
# CPU Physical cores : 10
# CPU Logical cores  : 10
# Host memory        : 16760 MB
# Swap memory        : 13421 MB
# Total Virtual      : 30181 MB
# Available Virtual  : 6084 MB
#-----------------------------------------------------------
start_gui
open_project C:/Constantine/programs/projects/CSCEA342_SudokuProject/sudoku/sudoku.xpr
update_compile_order -fileset sources_1
