#-----------------------------------------------------------
# Vivado v2025.1 (64-bit)
# SW Build 6140274 on Thu May 22 00:12:29 MDT 2025
# IP Build 6138677 on Thu May 22 03:10:11 MDT 2025
# SharedData Build 6139179 on Tue May 20 17:58:58 MDT 2025
# Start of session at: Wed Dec  3 07:39:58 2025
# Process ID         : 1168
# Current directory  : C:/Constantine/programs/projects/CSCEA342_SudokuProject/sudoku/sudoku.runs/synth_1
# Command line       : vivado.exe -log top.vds -product Vivado -mode batch -messageDb vivado.pb -notrace -source top.tcl
# Log file           : C:/Constantine/programs/projects/CSCEA342_SudokuProject/sudoku/sudoku.runs/synth_1/top.vds
# Journal file       : C:/Constantine/programs/projects/CSCEA342_SudokuProject/sudoku/sudoku.runs/synth_1\vivado.jou
# Running On         : C_Hinds_Surface
# Platform           : Windows Server 2016 or Windows 10
# Operating System   : 26100
# Processor Detail   : Snapdragon(R) X 10-core X1P64100 @ 3.40 GHz
# CPU Frequency      : 2976 MHz
# CPU Physical cores : 10
# CPU Logical cores  : 10
# Host memory        : 16760 MB
# Swap memory        : 13421 MB
# Total Virtual      : 30181 MB
# Available Virtual  : 5205 MB
#-----------------------------------------------------------
source top.tcl -notrace
