#-----------------------------------------------------------
# Vivado v2025.1 (64-bit)
# SW Build 6140274 on Thu May 22 00:12:29 MDT 2025
# IP Build 6138677 on Thu May 22 03:10:11 MDT 2025
# SharedData Build 6139179 on Tue May 20 17:58:58 MDT 2025
# Start of session at: Mon Dec  1 21:41:32 2025
# Process ID         : 35668
# Current directory  : C:/Users/suprbludude/Downloads/CSCEA342_SudokuProject/sudoku/sudoku.runs/synth_1
# Command line       : vivado.exe -log top.vds -product Vivado -mode batch -messageDb vivado.pb -notrace -source top.tcl
# Log file           : C:/Users/suprbludude/Downloads/CSCEA342_SudokuProject/sudoku/sudoku.runs/synth_1/top.vds
# Journal file       : C:/Users/suprbludude/Downloads/CSCEA342_SudokuProject/sudoku/sudoku.runs/synth_1\vivado.jou
# Running On         : DESKTOP-9AHCOEV
# Platform           : Windows Server 2016 or Windows 10
# Operating System   : 19045
# Processor Detail   : Intel(R) Core(TM) i7-6700K CPU @ 4.00GHz
# CPU Frequency      : 4008 MHz
# CPU Physical cores : 4
# CPU Logical cores  : 8
# Host memory        : 34184 MB
# Swap memory        : 8097 MB
# Total Virtual      : 42281 MB
# Available Virtual  : 20691 MB
#-----------------------------------------------------------
source top.tcl -notrace
